// Jest Snapshot v1, https://goo.gl/fbAQLP

exports[`Storyshots Description default 1`] = `
.c0 {
  color: #48505c;
  font-size: 16px;
  line-height: 1.43;
  font-weight: 300;
  text-align: center;
  margin-bottom: 24px;
}

@media (min-width:740px) {
  .c0 {
    text-align: left;
  }
}

@media (min-width:1440px) {
  .c0 {
    font-size: 20px;
    margin-bottom: 50px;
  }
}

<p
  className="c0"
>
  When you book your flight to Asia via Dubai, you unlock a city that can be exciting, cultured, gramourous, adventurous or relaxing. How you experience it is up to you.
</p>
`;

exports[`Storyshots Dropdown test styling 1`] = `
<div
  style={
    Object {
      "padding": 200,
      "width": "288px",
    }
  }
>
  <div
    className="css-10nd86i"
    onKeyDown={[Function]}
  >
    <div
      className="css-5aa2rb react-select__control"
      onMouseDown={[Function]}
      onTouchEnd={[Function]}
    >
      <div
        className="css-1rtrksz react-select__value-container react-select__value-container--has-value"
      >
        <div
          className="css-yb30j4 react-select__single-value"
        >
          Chocolate
        </div>
        <input
          className="css-14uuagi"
          id="react-select-desktop-input"
          onBlur={[Function]}
          onChange={[Function]}
          onFocus={[Function]}
          readOnly={true}
          tabIndex="0"
          value=""
        />
      </div>
      <div
        className="css-1wy0on6 react-select__indicators"
      >
        <div
          aria-hidden="true"
          className="css-1rzng2i react-select__indicator react-select__dropdown-indicator"
          onMouseDown={[Function]}
          onTouchEnd={[Function]}
        >
          <svg
            fill="currentColor"
            height="24px"
            preserveAspectRatio="xMidYMid meet"
            style={
              Object {
                "color": undefined,
                "verticalAlign": "middle",
              }
            }
            viewBox="0 0 24 24"
            width="24px"
          >
            <path
              d="M16.59 8.59L12 13.17 7.41 8.59 6 10l6 6 6-6z"
            />
          </svg>
        </div>
      </div>
    </div>
  </div>
</div>
`;

exports[`Storyshots Hero full render 1`] = `
.c8 {
  color: #46515e;
  font-weight: 300;
  line-height: 1.7;
  margin: 0 16px;
  font-size: 18px;
}

.c7 {
  width: 52px;
  height: 52px;
  border-radius: 50%;
  padding: 0;
  box-shadow: 0 0 0 0 rgba(178,229,222,0);
  border: 0;
  cursor: pointer;
  background: #00a991;
  -webkit-order: 1;
  -ms-flex-order: 1;
  order: 1;
  justify-self: end;
  -webkit-animation: pulse 2s infinite;
  animation: pulse 2s infinite;
}

.c4 {
  color: #46515e;
  font-size: 16px;
  font-weight: 300;
  line-height: 1.5;
}

.c2 {
  font-size: 30px;
  font-weight: 500;
  color: #171b1e;
  width: 260px;
  line-height: 1.2;
}

.c3 {
  display: -webkit-box;
  display: -webkit-flex;
  display: -ms-flexbox;
  display: flex;
  -webkit-align-items: center;
  -webkit-box-align: center;
  -ms-flex-align: center;
  align-items: center;
  border-left: solid 2px #e8edf1;
  margin-bottom: 35px;
  margin-left: 5px;
  margin-top: 24px;
  padding: 0 0 8px 19px;
  width: 230px;
}

.c3::before {
  content: "";
  position: relative;
  display: block;
  background: #00a991;
  border-radius: 50%;
  -webkit-flex-shrink: 0;
  -ms-flex-negative: 0;
  flex-shrink: 0;
  height: 16px;
  width: 16px;
  top: 0.4em;
  left: -28px;
}

.c6 {
  display: grid;
  grid-template-columns: 1.35fr 1fr;
  -webkit-align-items: center;
  -webkit-box-align: center;
  -ms-flex-align: center;
  align-items: center;
  -webkit-box-pack: justify;
  -webkit-justify-content: space-between;
  -ms-flex-pack: justify;
  justify-content: space-between;
  margin-left: -19px;
  width: 272px;
}

.c5 {
  position: relative;
  justify-self: start;
  top: -38px;
  left: -3px;
}

.c0 {
  display: grid;
  grid-template-columns: 1fr;
  grid-template-areas: "image" "content";
  grid-template-rows: 250px 1fr;
  place-items: center;
  margin-bottom: 35px;
}

.c9 {
  place-self: end;
  grid-area: image;
  height: 100%;
}

.c10 {
  object-fit: cover;
  object-position: 50% 40%;
  width: 100%;
  height: 100%;
  display: block;
  margin: 0 auto;
}

.c11 {
  position: relative;
  display: -webkit-box;
  display: -webkit-flex;
  display: -ms-flexbox;
  display: flex;
  top: -98px;
  -webkit-flex-direction: column;
  -ms-flex-direction: column;
  flex-direction: column;
  -webkit-align-items: flex-end;
  -webkit-box-align: flex-end;
  -ms-flex-align: flex-end;
  align-items: flex-end;
  justify-items: flex-end;
  background-image: linear-gradient(to bottom,rgba(0,0,0,0),rgba(1,1,1,0.6));
  padding: 9px 33px 26px;
}

.c12 {
  vertical-align: middle;
  opacity: 1;
}

.c1 {
  margin-top: 24px;
  display: grid;
  grid-area: content;
  justify-self: center;
  justify-items: center;
}

@media (min-width:1440px) {
  .c8 {
    font-size: 20px;
  }
}

@media (min-width:740px) {
  .c7 {
    margin-right: 20px;
    -webkit-order: 0;
    -ms-flex-order: 0;
    order: 0;
  }
}

@media (min-width:1440px) {
  .c4 {
    font-size: 20px;
  }
}

@media (min-width:1440px) {
  .c2 {
    font-size: 40px;
    width: 400px;
  }
}

@media (min-width:740px) {
  .c3 {
    margin-top: 35px;
  }
}

@media (min-width:1440px) {
  .c3 {
    width: 350px;
    margin-left: -15px;
  }
}

@media (min-width:740px) {
  .c3::before {
    left: -28px;
  }
}

@media (min-width:740px) {
  .c6 {
    grid-template-columns: 94px 1fr;
    margin-left: -66px;
  }
}

@media (min-width:1440px) {
  .c6 {
    width: 300px;
    margin-left: -180px;
  }
}

@media (min-width:500px) {
  .c0 {
    grid-template-rows: 320px 1fr;
  }
}

@media (min-width:600px) {
  .c0 {
    grid-template-rows: 400px 1fr;
  }
}

@media (min-width:740px) {
  .c0 {
    grid-template-columns: 1fr 1fr;
    grid-template-rows: 510px;
    grid-template-areas: "content image";
    margin-bottom: 9.5px;
  }
}

@media (min-width:1000px) {
  .c0 {
    grid-template-rows: 560px;
  }
}

@media (min-width:1440px) {
  .c0 {
    margin-bottom: 0;
    grid-template-rows: 700px;
  }
}

@media (min-width:740px) {
  .c10 {
    object-position: 30% 10%;
  }
}

@media (min-width:1200px) {
  .c10 {
    object-position: 30% 20%;
  }
}

@media (min-width:1440px) {
  .c10 {
    object-position: 30% 20%;
  }
}

<div
  className="c0"
>
  <div
    className="c1"
  >
    <h1
      className="c2"
    >
      startYourVacation
    </h1>
    <div
      className="c3"
    >
      <span
        className="c4"
      >
        worldOfExperiences
      </span>
    </div>
    <div
      className="c5"
    >
      <svg
        fill="currentColor"
        height="24px"
        preserveAspectRatio="xMidYMid meet"
        style={
          Object {
            "color": "7f91a8",
            "verticalAlign": "middle",
          }
        }
        viewBox="0 0 24 24"
        width="24px"
      >
        <path
          d="M2 8v2l8 5v5.5c0 .83.67 1.5 1.5 1.5s1.5-.67 1.5-1.5V15l8-5V8l-8 2.5V5l2-1.5V2l-3.5 1L8 2v1.5L10 5v5.5L2 8z"
        />
      </svg>
    </div>
    <div
      className="c6"
    >
      <button
        className="c7"
        onClick={[Function]}
      >
        <svg
          fill="currentColor"
          height="24px"
          preserveAspectRatio="xMidYMid meet"
          style={
            Object {
              "color": "#ffffff",
              "verticalAlign": "middle",
            }
          }
          viewBox="0 0 24 24"
          width="24px"
        >
          <path
            d="M16.59 8.59L12 13.17 7.41 8.59 6 10l6 6 6-6z"
          />
        </svg>
      </button>
      <div
        className="c8"
      >
        saveOnTrip
      </div>
    </div>
  </div>
  <div
    className="c9"
  >
    <img
      className="c10"
      src="/static/images/dubai-hero.jpg"
    />
    <div
      className="c11"
    >
      <img
        alt="dubai logo"
        className="c12"
        src="/static/images/dubai-logo.svg"
      />
    </div>
  </div>
</div>
`;

exports[`Storyshots Text default 1`] = `
<span>
  kek
</span>
`;

exports[`Storyshots Title default 1`] = `
.c0 {
  font-size: 30px;
  text-align: center;
  color: #46515e;
  font-weight: 300;
  margin: 0 0 4px;
}

@media (min-width:1440px) {
  .c0 {
    font-size: 38px;
    padding: 2px 0;
    margin: 0 0 10px;
  }
}

<h2
  className="c0"
  fontSize={38}
>
  The Stopover
</h2>
`;

exports[`Storyshots Video full render 1`] = `
.c1 {
  padding: 32px 20px;
}

.c2 {
  font-size: 30px;
  text-align: center;
  line-height: 1.2;
  color: #46515e;
  font-weight: 300;
  margin: 0 0 4px;
}

.c3 {
  font-size: 16px;
  text-align: center;
  line-height: 1.2;
  color: #46515e;
  font-weight: 300;
  margin: 0;
  padding: 3px 0;
}

.c0 {
  display: -webkit-box;
  display: -webkit-flex;
  display: -ms-flexbox;
  display: flex;
  -webkit-flex-direction: column;
  -ms-flex-direction: column;
  flex-direction: column;
  -webkit-align-items: center;
  -webkit-box-align: center;
  -ms-flex-align: center;
  align-items: center;
  padding: 0 17px;
}

@media (min-width:1440px) {
  .c1 {
    padding: 80px 0;
  }
}

@media (min-width:1440px) {
  .c2 {
    font-size: 38px;
    padding: 2px 0;
    margin: 0 0 10px;
  }
}

@media (min-width:1440px) {
  .c3 {
    font-size: 24px;
  }
}

@media (min-width:740px) {
  .c0 {
    padding: 0 20px;
  }
}

<div
  className="c0"
>
  <div
    className="c1"
  >
    <h2
      className="c2"
    >
      videoTitle
    </h2>
    <h3
      className="c3"
    >
      videoSubTitle
    </h3>
  </div>
  <span
    className=""
  >
    <div
      className="youtube-embed"
      id={null}
    />
  </span>
</div>
`;
